// Jest Snapshot v1, https://goo.gl/fbAQLP

exports[`CustomButton renders correctly 1`] = `
<View
  accessibilityState={
    {
      "busy": undefined,
      "checked": undefined,
      "disabled": undefined,
      "expanded": undefined,
      "selected": undefined,
    }
  }
  accessibilityValue={
    {
      "max": undefined,
      "min": undefined,
      "now": undefined,
      "text": undefined,
    }
  }
  accessible={true}
  collapsable={false}
  focusable={false}
  onClick={[Function]}
  onResponderGrant={[Function]}
  onResponderMove={[Function]}
  onResponderRelease={[Function]}
  onResponderTerminate={[Function]}
  onResponderTerminationRequest={[Function]}
  onStartShouldSetResponder={[Function]}
  style={
    {
      "alignItems": "center",
      "borderColor": "#A9A9A9",
      "borderRadius": 13,
      "borderWidth": 1,
      "display": "flex",
      "flexDirection": "row",
      "height": 50,
      "justifyContent": "center",
      "opacity": 1,
      "paddingLeft": 10,
      "width": "100%",
    }
  }
>
  <Image
    style={
      {
        "height": 25,
        "width": 25,
      }
    }
  />
  <Text
    style={
      {
        "color": "#A9A9A9",
        "paddingLeft": "2%",
      }
    }
  >
    Donate Now
  </Text>
</View>
`;

exports[`CustomTextInput renders correctly 1`] = `
<View
  style={{}}
>
  <TextInput
    placeholder="Search"
    placeholderTextColor="#A9A9A9"
    style={
      {
        "borderColor": "#A9A9A9",
        "borderRadius": 13,
        "borderWidth": 1,
        "color": "#A9A9A9",
        "fontSize": 15,
        "paddingLeft": 10,
        "textAlign": "center",
        "width": "100%",
      }
    }
  />
  <Text
    style={
      {
        "color": "red",
        "fontWeight": 600,
      }
    }
  />
</View>
`;

exports[`MyCustomButton renders correctly 1`] = `
<View
  accessibilityState={
    {
      "busy": undefined,
      "checked": undefined,
      "disabled": undefined,
      "expanded": undefined,
      "selected": undefined,
    }
  }
  accessibilityValue={
    {
      "max": undefined,
      "min": undefined,
      "now": undefined,
      "text": undefined,
    }
  }
  accessible={true}
  collapsable={false}
  focusable={false}
  onClick={[Function]}
  onResponderGrant={[Function]}
  onResponderMove={[Function]}
  onResponderRelease={[Function]}
  onResponderTerminate={[Function]}
  onResponderTerminationRequest={[Function]}
  onStartShouldSetResponder={[Function]}
  style={
    {
      "alignItems": "center",
      "borderColor": "#A9A9A9",
      "borderRadius": 13,
      "borderWidth": 1,
      "display": "flex",
      "flexDirection": "row",
      "height": 50,
      "justifyContent": "center",
      "opacity": 1,
      "paddingLeft": 10,
      "width": "100%",
    }
  }
>
  <Image
    style={
      {
        "height": 25,
        "width": 25,
      }
    }
  />
  <Text
    style={
      {
        "color": "#A9A9A9",
        "paddingLeft": "2%",
      }
    }
  >
    Donate Now
  </Text>
</View>
`;
